---
source: src/app.rs
expression: scorecard

---
[
    MatchInningsInfo {
        batsman_details: [
            BatsmanInfo {
                name: "Oliver Robinson (wk)",
                status: "c D Lloyd b van der Gugten",
                runs: "43",
                balls: "62",
                fours: "7",
                sixes: "0",
                strike_rate: "69.35",
            },
            BatsmanInfo {
                name: "Jordan Cox",
                status: "b Neser",
                runs: "27",
                balls: "68",
                fours: "2",
                sixes: "0",
                strike_rate: "39.71",
            },
            BatsmanInfo {
                name: "Zak Crawley",
                status: "c D Lloyd b van der Gugten",
                runs: "0",
                balls: "8",
                fours: "0",
                sixes: "0",
                strike_rate: "0.00",
            },
            BatsmanInfo {
                name: "Jack Leaning",
                status: "lbw b Neser",
                runs: "2",
                balls: "23",
                fours: "0",
                sixes: "0",
                strike_rate: "8.70",
            },
            BatsmanInfo {
                name: "Sam Billings (c)",
                status: "lbw b van der Gugten",
                runs: "11",
                balls: "18",
                fours: "2",
                sixes: "0",
                strike_rate: "61.11",
            },
            BatsmanInfo {
                name: "Daniel Bell-Drummond",
                status: "lbw b Neser",
                runs: "0",
                balls: "7",
                fours: "0",
                sixes: "0",
                strike_rate: "0.00",
            },
            BatsmanInfo {
                name: "Darren Stevens",
                status: "batting",
                runs: "92",
                balls: "90",
                fours: "7",
                sixes: "7",
                strike_rate: "102.22",
            },
            BatsmanInfo {
                name: "Marcus ORiordan",
                status: "c C Cooke b van der Gugten",
                runs: "0",
                balls: "15",
                fours: "0",
                sixes: "0",
                strike_rate: "0.00",
            },
            BatsmanInfo {
                name: "Nathan Gilchrist",
                status: "lbw b Neser",
                runs: "12",
                balls: "40",
                fours: "2",
                sixes: "0",
                strike_rate: "30.00",
            },
            BatsmanInfo {
                name: "Miguel Cummins",
                status: "batting",
                runs: "1",
                balls: "28",
                fours: "0",
                sixes: "0",
                strike_rate: "3.57",
            },
        ],
        yet_to_bat: "",
        bowler_details: [
            BowlerInfo {
                name: "Michael Neser",
                overs: "20",
                maidens: "5",
                runs: "67",
                wickets: "4",
                no_balls: "0",
                wides: "0",
                economy: "3.40",
            },
            BowlerInfo {
                name: "Michael Hogan",
                overs: "11",
                maidens: "2",
                runs: "37",
                wickets: "0",
                no_balls: "0",
                wides: "0",
                economy: "3.40",
            },
            BowlerInfo {
                name: "Daniel Douthwaite",
                overs: "9",
                maidens: "2",
                runs: "37",
                wickets: "0",
                no_balls: "0",
                wides: "0",
                economy: "4.10",
            },
            BowlerInfo {
                name: "Timm van der Gugten",
                overs: "19",
                maidens: "11",
                runs: "34",
                wickets: "4",
                no_balls: "0",
                wides: "0",
                economy: "1.80",
            },
            BowlerInfo {
                name: "Andrew Salter",
                overs: "0.5",
                maidens: "0",
                runs: "13",
                wickets: "0",
                no_balls: "0",
                wides: "0",
                economy: "15.60",
            },
        ],
    },
]
