---
source: src/app.rs
expression: scorecard

---
[
    MatchInningsInfo {
        batsman_details: [
            BatsmanInfo {
                name: "Myburgh",
                status: "b Leask",
                runs: "40",
                balls: "69",
                fours: "3",
                sixes: "0",
                strike_rate: "57.97",
            },
            BatsmanInfo {
                name: "Max ODowd",
                status: "c M Cross b Evans",
                runs: "8",
                balls: "14",
                fours: "0",
                sixes: "0",
                strike_rate: "57.14",
            },
            BatsmanInfo {
                name: "Ben Cooper",
                status: "c Dylan Budge b Evans",
                runs: "0",
                balls: "1",
                fours: "0",
                sixes: "0",
                strike_rate: "0.00",
            },
            BatsmanInfo {
                name: "Seelaar (c)",
                status: "lbw b Gavin Main",
                runs: "21",
                balls: "55",
                fours: "1",
                sixes: "0",
                strike_rate: "38.18",
            },
            BatsmanInfo {
                name: "Scott Edwards (wk)",
                status: "c Mark Watt b Evans",
                runs: "56",
                balls: "67",
                fours: "3",
                sixes: "1",
                strike_rate: "83.58",
            },
            BatsmanInfo {
                name: "van Beek",
                status: "c Dylan Budge b Adrian Neill",
                runs: "10",
                balls: "21",
                fours: "1",
                sixes: "0",
                strike_rate: "47.62",
            },
            BatsmanInfo {
                name: "Tobias Visee",
                status: "b Berrington",
                runs: "3",
                balls: "10",
                fours: "0",
                sixes: "0",
                strike_rate: "30.00",
            },
            BatsmanInfo {
                name: "Aryan Dutt",
                status: "c M Cross b Evans",
                runs: "1",
                balls: "11",
                fours: "0",
                sixes: "0",
                strike_rate: "9.09",
            },
            BatsmanInfo {
                name: "Philippe Boissevain",
                status: "c M Cross b Evans",
                runs: "13",
                balls: "19",
                fours: "0",
                sixes: "0",
                strike_rate: "68.42",
            },
            BatsmanInfo {
                name: "Meekeren",
                status: "run out (Evans/Mark Watt)",
                runs: "6",
                balls: "13",
                fours: "0",
                sixes: "0",
                strike_rate: "46.15",
            },
            BatsmanInfo {
                name: "Kingma",
                status: "not out",
                runs: "9",
                balls: "12",
                fours: "0",
                sixes: "1",
                strike_rate: "75.00",
            },
        ],
        yet_to_bat: "",
        bowler_details: [
            BowlerInfo {
                name: "Adrian Neill",
                overs: "9",
                maidens: "0",
                runs: "20",
                wickets: "1",
                no_balls: "0",
                wides: "1",
                economy: "2.20",
            },
            BowlerInfo {
                name: "Evans",
                overs: "9.4",
                maidens: "2",
                runs: "43",
                wickets: "5",
                no_balls: "0",
                wides: "2",
                economy: "4.40",
            },
            BowlerInfo {
                name: "Dylan Budge",
                overs: "5",
                maidens: "0",
                runs: "19",
                wickets: "0",
                no_balls: "0",
                wides: "0",
                economy: "3.80",
            },
            BowlerInfo {
                name: "Gavin Main",
                overs: "7",
                maidens: "1",
                runs: "25",
                wickets: "1",
                no_balls: "0",
                wides: "1",
                economy: "3.60",
            },
            BowlerInfo {
                name: "Mark Watt",
                overs: "10",
                maidens: "1",
                runs: "40",
                wickets: "0",
                no_balls: "0",
                wides: "0",
                economy: "4.00",
            },
            BowlerInfo {
                name: "Leask",
                overs: "1",
                maidens: "0",
                runs: "1",
                wickets: "1",
                no_balls: "0",
                wides: "0",
                economy: "1.00",
            },
            BowlerInfo {
                name: "Berrington",
                overs: "7",
                maidens: "0",
                runs: "23",
                wickets: "1",
                no_balls: "0",
                wides: "0",
                economy: "3.30",
            },
        ],
    },
    MatchInningsInfo {
        batsman_details: [
            BatsmanInfo {
                name: "Kyle Coetzer (c)",
                status: "c Tobias Visee b Meekeren",
                runs: "17",
                balls: "39",
                fours: "1",
                sixes: "0",
                strike_rate: "43.59",
            },
            BatsmanInfo {
                name: "Matthew Cross (wk)",
                status: "c Scott Edwards b Kingma",
                runs: "13",
                balls: "35",
                fours: "2",
                sixes: "0",
                strike_rate: "37.14",
            },
            BatsmanInfo {
                name: "Calum MacLeod",
                status: "c (sub)Bas de Leede b Kingma",
                runs: "0",
                balls: "4",
                fours: "0",
                sixes: "0",
                strike_rate: "0.00",
            },
            BatsmanInfo {
                name: "Richie Berrington",
                status: "b Philippe Boissevain",
                runs: "10",
                balls: "28",
                fours: "1",
                sixes: "0",
                strike_rate: "35.71",
            },
            BatsmanInfo {
                name: "George Munsey",
                status: "not out",
                runs: "79",
                balls: "100",
                fours: "6",
                sixes: "2",
                strike_rate: "79.00",
            },
            BatsmanInfo {
                name: "Dylan Budge",
                status: "not out",
                runs: "40",
                balls: "47",
                fours: "5",
                sixes: "0",
                strike_rate: "85.11",
            },
        ],
        yet_to_bat: "",
        bowler_details: [
            BowlerInfo {
                name: "Logan van Beek",
                overs: "9",
                maidens: "0",
                runs: "32",
                wickets: "0",
                no_balls: "0",
                wides: "5",
                economy: "3.60",
            },
            BowlerInfo {
                name: "Vivian Kingma",
                overs: "8",
                maidens: "0",
                runs: "23",
                wickets: "2",
                no_balls: "0",
                wides: "1",
                economy: "2.90",
            },
            BowlerInfo {
                name: "Paul van Meekeren",
                overs: "7",
                maidens: "1",
                runs: "29",
                wickets: "1",
                no_balls: "0",
                wides: "2",
                economy: "4.10",
            },
            BowlerInfo {
                name: "Aryan Dutt",
                overs: "6",
                maidens: "1",
                runs: "12",
                wickets: "0",
                no_balls: "0",
                wides: "0",
                economy: "2.00",
            },
            BowlerInfo {
                name: "Philippe Boissevain",
                overs: "8",
                maidens: "0",
                runs: "49",
                wickets: "1",
                no_balls: "0",
                wides: "0",
                economy: "6.10",
            },
            BowlerInfo {
                name: "Pieter Seelaar (c)",
                overs: "3",
                maidens: "0",
                runs: "12",
                wickets: "0",
                no_balls: "0",
                wides: "0",
                economy: "4.00",
            },
            BowlerInfo {
                name: "Max ODowd",
                overs: "1.1",
                maidens: "0",
                runs: "11",
                wickets: "0",
                no_balls: "0",
                wides: "1",
                economy: "9.40",
            },
        ],
    },
]
