---
source: src/app.rs
expression: scorecard

---
[
    MatchInningsInfo {
        batsman_details: [
            BatsmanInfo {
                name: "Imran Butt",
                status: "c Tiripano b Ngarava",
                runs: "2",
                balls: "20",
                fours: "0",
                sixes: "0",
                strike_rate: "10.00",
            },
            BatsmanInfo {
                name: "Abid Ali",
                status: "not out",
                runs: "215",
                balls: "407",
                fours: "29",
                sixes: "0",
                strike_rate: "52.83",
            },
            BatsmanInfo {
                name: "Azhar Ali",
                status: "c Milton Shumba b Muzarabani",
                runs: "126",
                balls: "240",
                fours: "17",
                sixes: "1",
                strike_rate: "52.50",
            },
            BatsmanInfo {
                name: "Babar Azam (c)",
                status: "c Kevin Kasuza b Muzarabani",
                runs: "2",
                balls: "8",
                fours: "0",
                sixes: "0",
                strike_rate: "25.00",
            },
            BatsmanInfo {
                name: "Alam",
                status: "b Muzarabani",
                runs: "5",
                balls: "12",
                fours: "1",
                sixes: "0",
                strike_rate: "41.67",
            },
            BatsmanInfo {
                name: "Sajid Khan",
                status: "c Chakabva b Tiripano",
                runs: "20",
                balls: "54",
                fours: "3",
                sixes: "0",
                strike_rate: "37.04",
            },
            BatsmanInfo {
                name: "Rizwan (wk)",
                status: "c Ngarava b Tendai Chisoro",
                runs: "21",
                balls: "32",
                fours: "3",
                sixes: "0",
                strike_rate: "65.62",
            },
            BatsmanInfo {
                name: "Hasan Ali",
                status: "c Chakabva b Luke Jongwe",
                runs: "0",
                balls: "8",
                fours: "0",
                sixes: "0",
                strike_rate: "0.00",
            },
            BatsmanInfo {
                name: "Nauman Ali",
                status: "st Chakabva b Tendai Chisoro",
                runs: "97",
                balls: "104",
                fours: "9",
                sixes: "5",
                strike_rate: "93.27",
            },
        ],
        yet_to_bat: "",
        bowler_details: [
            BowlerInfo {
                name: "Muzarabani",
                overs: "29",
                maidens: "6",
                runs: "82",
                wickets: "3",
                no_balls: "0",
                wides: "1",
                economy: "2.80",
            },
            BowlerInfo {
                name: "Ngarava",
                overs: "24",
                maidens: "5",
                runs: "58",
                wickets: "1",
                no_balls: "2",
                wides: "1",
                economy: "2.40",
            },
            BowlerInfo {
                name: "Luke Jongwe",
                overs: "17",
                maidens: "1",
                runs: "68",
                wickets: "1",
                no_balls: "0",
                wides: "0",
                economy: "4.00",
            },
            BowlerInfo {
                name: "Tiripano",
                overs: "22",
                maidens: "5",
                runs: "83",
                wickets: "1",
                no_balls: "0",
                wides: "2",
                economy: "3.80",
            },
            BowlerInfo {
                name: "Tendai Chisoro",
                overs: "40.1",
                maidens: "7",
                runs: "131",
                wickets: "2",
                no_balls: "0",
                wides: "1",
                economy: "3.30",
            },
            BowlerInfo {
                name: "Milton Shumba",
                overs: "15",
                maidens: "1",
                runs: "73",
                wickets: "0",
                no_balls: "0",
                wides: "0",
                economy: "4.90",
            },
        ],
    },
    MatchInningsInfo {
        batsman_details: [
            BatsmanInfo {
                name: "Kevin Kasuza",
                status: "b Hasan Ali",
                runs: "4",
                balls: "43",
                fours: "0",
                sixes: "0",
                strike_rate: "9.30",
            },
            BatsmanInfo {
                name: "Musakanda",
                status: "lbw b Tabish Khan",
                runs: "0",
                balls: "6",
                fours: "0",
                sixes: "0",
                strike_rate: "0.00",
            },
            BatsmanInfo {
                name: "Chakabva (wk)",
                status: "c Abid Ali b Hasan Ali",
                runs: "33",
                balls: "92",
                fours: "5",
                sixes: "0",
                strike_rate: "35.87",
            },
            BatsmanInfo {
                name: "Brendan Taylor (c)",
                status: "c Rizwan b Shaheen Afridi",
                runs: "9",
                balls: "16",
                fours: "2",
                sixes: "0",
                strike_rate: "56.25",
            },
            BatsmanInfo {
                name: "Milton Shumba",
                status: "lbw b Sajid Khan",
                runs: "2",
                balls: "25",
                fours: "0",
                sixes: "0",
                strike_rate: "8.00",
            },
            BatsmanInfo {
                name: "Tendai Chisoro",
                status: "c Imran Butt b Hasan Ali",
                runs: "1",
                balls: "21",
                fours: "0",
                sixes: "0",
                strike_rate: "4.76",
            },
            BatsmanInfo {
                name: "Luke Jongwe",
                status: "b Hasan Ali",
                runs: "19",
                balls: "24",
                fours: "3",
                sixes: "0",
                strike_rate: "79.17",
            },
            BatsmanInfo {
                name: "Tiripano",
                status: "c (sub)Saud Shakeel b Sajid Khan",
                runs: "23",
                balls: "56",
                fours: "4",
                sixes: "0",
                strike_rate: "41.07",
            },
            BatsmanInfo {
                name: "Roy Kaia",
                status: "c Azhar Ali b Hasan Ali",
                runs: "11",
                balls: "52",
                fours: "1",
                sixes: "0",
                strike_rate: "21.15",
            },
            BatsmanInfo {
                name: "Ngarava",
                status: "not out",
                runs: "15",
                balls: "14",
                fours: "3",
                sixes: "0",
                strike_rate: "107.14",
            },
            BatsmanInfo {
                name: "Muzarabani",
                status: "run out (Imran Butt/Rizwan)",
                runs: "7",
                balls: "15",
                fours: "1",
                sixes: "0",
                strike_rate: "46.67",
            },
        ],
        yet_to_bat: "",
        bowler_details: [
            BowlerInfo {
                name: "Shaheen Afridi",
                overs: "14",
                maidens: "4",
                runs: "34",
                wickets: "1",
                no_balls: "0",
                wides: "1",
                economy: "2.40",
            },
            BowlerInfo {
                name: "Tabish Khan",
                overs: "15",
                maidens: "8",
                runs: "22",
                wickets: "1",
                no_balls: "0",
                wides: "0",
                economy: "1.50",
            },
            BowlerInfo {
                name: "Hasan Ali",
                overs: "13",
                maidens: "4",
                runs: "27",
                wickets: "5",
                no_balls: "0",
                wides: "0",
                economy: "2.10",
            },
            BowlerInfo {
                name: "Nauman Ali",
                overs: "6",
                maidens: "3",
                runs: "3",
                wickets: "0",
                no_balls: "0",
                wides: "0",
                economy: "0.50",
            },
            BowlerInfo {
                name: "Sajid Khan",
                overs: "12.4",
                maidens: "6",
                runs: "39",
                wickets: "2",
                no_balls: "0",
                wides: "0",
                economy: "3.10",
            },
        ],
    },
    MatchInningsInfo {
        batsman_details: [
            BatsmanInfo {
                name: "Kevin Kasuza",
                status: "b Nauman Ali",
                runs: "22",
                balls: "73",
                fours: "2",
                sixes: "1",
                strike_rate: "30.14",
            },
            BatsmanInfo {
                name: "Tarisai Musakanda",
                status: "c Rizwan b Shaheen Afridi",
                runs: "8",
                balls: "13",
                fours: "1",
                sixes: "0",
                strike_rate: "61.54",
            },
            BatsmanInfo {
                name: "Regis Chakabva (wk)",
                status: "c Babar Azam b Nauman Ali",
                runs: "80",
                balls: "137",
                fours: "13",
                sixes: "2",
                strike_rate: "58.39",
            },
            BatsmanInfo {
                name: "Brendan Taylor (c)",
                status: "c Rizwan b Shaheen Afridi",
                runs: "49",
                balls: "31",
                fours: "10",
                sixes: "0",
                strike_rate: "158.06",
            },
            BatsmanInfo {
                name: "Milton Shumba",
                status: "c Imran Butt b Nauman Ali",
                runs: "16",
                balls: "41",
                fours: "3",
                sixes: "0",
                strike_rate: "39.02",
            },
            BatsmanInfo {
                name: "Luke Jongwe",
                status: "c Rizwan b Shaheen Afridi",
                runs: "37",
                balls: "70",
                fours: "7",
                sixes: "0",
                strike_rate: "52.86",
            },
            BatsmanInfo {
                name: "Donald Tiripano",
                status: "lbw b Nauman Ali",
                runs: "0",
                balls: "6",
                fours: "0",
                sixes: "0",
                strike_rate: "0.00",
            },
            BatsmanInfo {
                name: "Roy Kaia",
                status: "c Sajid Khan b Nauman Ali",
                runs: "0",
                balls: "1",
                fours: "0",
                sixes: "0",
                strike_rate: "0.00",
            },
            BatsmanInfo {
                name: "Tendai Chisoro",
                status: "b Shaheen Afridi",
                runs: "8",
                balls: "12",
                fours: "2",
                sixes: "0",
                strike_rate: "66.67",
            },
            BatsmanInfo {
                name: "Richard Ngarava",
                status: "b Shaheen Afridi",
                runs: "0",
                balls: "1",
                fours: "0",
                sixes: "0",
                strike_rate: "0.00",
            },
            BatsmanInfo {
                name: "Blessing Muzarabani",
                status: "not out",
                runs: "4",
                balls: "24",
                fours: "1",
                sixes: "0",
                strike_rate: "16.67",
            },
        ],
        yet_to_bat: "",
        bowler_details: [
            BowlerInfo {
                name: "Shaheen Afridi",
                overs: "20",
                maidens: "5",
                runs: "52",
                wickets: "5",
                no_balls: "1",
                wides: "0",
                economy: "2.60",
            },
            BowlerInfo {
                name: "Tabish Khan",
                overs: "11",
                maidens: "3",
                runs: "46",
                wickets: "0",
                no_balls: "0",
                wides: "0",
                economy: "4.20",
            },
            BowlerInfo {
                name: "Hasan Ali",
                overs: "10",
                maidens: "7",
                runs: "9",
                wickets: "0",
                no_balls: "0",
                wides: "0",
                economy: "0.90",
            },
            BowlerInfo {
                name: "Sajid Khan",
                overs: "6",
                maidens: "1",
                runs: "32",
                wickets: "0",
                no_balls: "0",
                wides: "0",
                economy: "5.30",
            },
            BowlerInfo {
                name: "Nauman Ali",
                overs: "21",
                maidens: "3",
                runs: "86",
                wickets: "5",
                no_balls: "0",
                wides: "0",
                economy: "4.10",
            },
        ],
    },
]
