---
source: src/app.rs
expression: scorecard

---
[
    MatchInningsInfo {
        batsman_details: [
            BatsmanInfo {
                name: "Zak Crawley",
                status: "lbw b Axar",
                runs: "53",
                balls: "84",
                fours: "10",
                sixes: "0",
                strike_rate: "63.10",
            },
            BatsmanInfo {
                name: "D Sibley",
                status: "c Rohit b Ishant",
                runs: "0",
                balls: "7",
                fours: "0",
                sixes: "0",
                strike_rate: "0.00",
            },
            BatsmanInfo {
                name: "Bairstow",
                status: "lbw b Axar",
                runs: "0",
                balls: "9",
                fours: "0",
                sixes: "0",
                strike_rate: "0.00",
            },
            BatsmanInfo {
                name: "Root (c)",
                status: "lbw b Ashwin",
                runs: "17",
                balls: "37",
                fours: "2",
                sixes: "0",
                strike_rate: "45.95",
            },
            BatsmanInfo {
                name: "Stokes",
                status: "lbw b Axar",
                runs: "6",
                balls: "24",
                fours: "1",
                sixes: "0",
                strike_rate: "25.00",
            },
            BatsmanInfo {
                name: "Ollie Pope",
                status: "b Ashwin",
                runs: "1",
                balls: "12",
                fours: "0",
                sixes: "0",
                strike_rate: "8.33",
            },
            BatsmanInfo {
                name: "Foakes (wk)",
                status: "b Axar",
                runs: "12",
                balls: "58",
                fours: "1",
                sixes: "0",
                strike_rate: "20.69",
            },
            BatsmanInfo {
                name: "Jofra Archer",
                status: "b Axar",
                runs: "11",
                balls: "18",
                fours: "2",
                sixes: "0",
                strike_rate: "61.11",
            },
            BatsmanInfo {
                name: "Jack Leach",
                status: "c Pujara b Ashwin",
                runs: "3",
                balls: "14",
                fours: "0",
                sixes: "0",
                strike_rate: "21.43",
            },
            BatsmanInfo {
                name: "Broad",
                status: "c Bumrah b Axar",
                runs: "3",
                balls: "29",
                fours: "0",
                sixes: "0",
                strike_rate: "10.34",
            },
            BatsmanInfo {
                name: "James Anderson",
                status: "not out",
                runs: "0",
                balls: "3",
                fours: "0",
                sixes: "0",
                strike_rate: "0.00",
            },
        ],
        yet_to_bat: "",
        bowler_details: [
            BowlerInfo {
                name: "Ishant",
                overs: "5",
                maidens: "1",
                runs: "26",
                wickets: "1",
                no_balls: "2",
                wides: "0",
                economy: "5.20",
            },
            BowlerInfo {
                name: "Bumrah",
                overs: "6",
                maidens: "3",
                runs: "19",
                wickets: "0",
                no_balls: "1",
                wides: "0",
                economy: "3.20",
            },
            BowlerInfo {
                name: "Axar",
                overs: "21.4",
                maidens: "6",
                runs: "38",
                wickets: "6",
                no_balls: "0",
                wides: "0",
                economy: "1.80",
            },
            BowlerInfo {
                name: "Ashwin",
                overs: "16",
                maidens: "6",
                runs: "26",
                wickets: "3",
                no_balls: "0",
                wides: "0",
                economy: "1.60",
            },
        ],
    },
    MatchInningsInfo {
        batsman_details: [
            BatsmanInfo {
                name: "Rohit",
                status: "lbw b Jack Leach",
                runs: "66",
                balls: "96",
                fours: "11",
                sixes: "0",
                strike_rate: "68.75",
            },
            BatsmanInfo {
                name: "Shubman Gill",
                status: "c Zak Crawley b Jofra Archer",
                runs: "11",
                balls: "51",
                fours: "2",
                sixes: "0",
                strike_rate: "21.57",
            },
            BatsmanInfo {
                name: "Pujara",
                status: "lbw b Jack Leach",
                runs: "0",
                balls: "4",
                fours: "0",
                sixes: "0",
                strike_rate: "0.00",
            },
            BatsmanInfo {
                name: "Kohli (c)",
                status: "b Jack Leach",
                runs: "27",
                balls: "58",
                fours: "3",
                sixes: "0",
                strike_rate: "46.55",
            },
            BatsmanInfo {
                name: "Rahane",
                status: "lbw b Jack Leach",
                runs: "7",
                balls: "25",
                fours: "1",
                sixes: "0",
                strike_rate: "28.00",
            },
            BatsmanInfo {
                name: "Pant (wk)",
                status: "c Foakes b Root",
                runs: "1",
                balls: "8",
                fours: "0",
                sixes: "0",
                strike_rate: "12.50",
            },
            BatsmanInfo {
                name: "Ashwin",
                status: "c Zak Crawley b Root",
                runs: "17",
                balls: "32",
                fours: "3",
                sixes: "0",
                strike_rate: "53.12",
            },
            BatsmanInfo {
                name: "Washington Sundar",
                status: "b Root",
                runs: "0",
                balls: "12",
                fours: "0",
                sixes: "0",
                strike_rate: "0.00",
            },
            BatsmanInfo {
                name: "Axar",
                status: "c D Sibley b Root",
                runs: "0",
                balls: "2",
                fours: "0",
                sixes: "0",
                strike_rate: "0.00",
            },
            BatsmanInfo {
                name: "Ishant",
                status: "not out",
                runs: "10",
                balls: "20",
                fours: "0",
                sixes: "1",
                strike_rate: "50.00",
            },
            BatsmanInfo {
                name: "Bumrah",
                status: "lbw b Root",
                runs: "1",
                balls: "12",
                fours: "0",
                sixes: "0",
                strike_rate: "8.33",
            },
        ],
        yet_to_bat: "",
        bowler_details: [
            BowlerInfo {
                name: "James Anderson",
                overs: "13",
                maidens: "8",
                runs: "20",
                wickets: "0",
                no_balls: "0",
                wides: "0",
                economy: "1.50",
            },
            BowlerInfo {
                name: "Broad",
                overs: "6",
                maidens: "1",
                runs: "16",
                wickets: "0",
                no_balls: "0",
                wides: "0",
                economy: "2.70",
            },
            BowlerInfo {
                name: "Jofra Archer",
                overs: "5",
                maidens: "2",
                runs: "24",
                wickets: "1",
                no_balls: "0",
                wides: "0",
                economy: "4.80",
            },
            BowlerInfo {
                name: "Jack Leach",
                overs: "20",
                maidens: "2",
                runs: "54",
                wickets: "4",
                no_balls: "0",
                wides: "0",
                economy: "2.70",
            },
            BowlerInfo {
                name: "Stokes",
                overs: "3",
                maidens: "0",
                runs: "19",
                wickets: "0",
                no_balls: "0",
                wides: "1",
                economy: "6.30",
            },
            BowlerInfo {
                name: "Root (c)",
                overs: "6.2",
                maidens: "3",
                runs: "8",
                wickets: "5",
                no_balls: "0",
                wides: "0",
                economy: "1.30",
            },
        ],
    },
    MatchInningsInfo {
        batsman_details: [
            BatsmanInfo {
                name: "Zak Crawley",
                status: "b Axar",
                runs: "0",
                balls: "1",
                fours: "0",
                sixes: "0",
                strike_rate: "0.00",
            },
            BatsmanInfo {
                name: "D Sibley",
                status: "c Pant b Axar",
                runs: "7",
                balls: "25",
                fours: "0",
                sixes: "0",
                strike_rate: "28.00",
            },
            BatsmanInfo {
                name: "Bairstow",
                status: "b Axar",
                runs: "0",
                balls: "2",
                fours: "0",
                sixes: "0",
                strike_rate: "0.00",
            },
            BatsmanInfo {
                name: "Root (c)",
                status: "lbw b Axar",
                runs: "19",
                balls: "45",
                fours: "0",
                sixes: "0",
                strike_rate: "42.22",
            },
            BatsmanInfo {
                name: "Stokes",
                status: "lbw b Ashwin",
                runs: "25",
                balls: "34",
                fours: "3",
                sixes: "0",
                strike_rate: "73.53",
            },
            BatsmanInfo {
                name: "Ollie Pope",
                status: "b Ashwin",
                runs: "12",
                balls: "15",
                fours: "2",
                sixes: "0",
                strike_rate: "80.00",
            },
            BatsmanInfo {
                name: "Foakes (wk)",
                status: "lbw b Axar",
                runs: "8",
                balls: "28",
                fours: "0",
                sixes: "0",
                strike_rate: "28.57",
            },
            BatsmanInfo {
                name: "Jofra Archer",
                status: "lbw b Ashwin",
                runs: "0",
                balls: "2",
                fours: "0",
                sixes: "0",
                strike_rate: "0.00",
            },
            BatsmanInfo {
                name: "Jack Leach",
                status: "c Rahane b Ashwin",
                runs: "9",
                balls: "22",
                fours: "0",
                sixes: "1",
                strike_rate: "40.91",
            },
            BatsmanInfo {
                name: "Broad",
                status: "not out",
                runs: "1",
                balls: "7",
                fours: "0",
                sixes: "0",
                strike_rate: "14.29",
            },
            BatsmanInfo {
                name: "James Anderson",
                status: "c Pant b Washington Sundar",
                runs: "0",
                balls: "3",
                fours: "0",
                sixes: "0",
                strike_rate: "0.00",
            },
        ],
        yet_to_bat: "",
        bowler_details: [
            BowlerInfo {
                name: "Axar",
                overs: "15",
                maidens: "0",
                runs: "32",
                wickets: "5",
                no_balls: "0",
                wides: "0",
                economy: "2.10",
            },
            BowlerInfo {
                name: "Ashwin",
                overs: "15",
                maidens: "3",
                runs: "48",
                wickets: "4",
                no_balls: "0",
                wides: "0",
                economy: "3.20",
            },
            BowlerInfo {
                name: "Washington Sundar",
                overs: "0.4",
                maidens: "0",
                runs: "1",
                wickets: "1",
                no_balls: "0",
                wides: "0",
                economy: "1.50",
            },
        ],
    },
    MatchInningsInfo {
        batsman_details: [
            BatsmanInfo {
                name: "Rohit Sharma",
                status: "not out",
                runs: "25",
                balls: "25",
                fours: "3",
                sixes: "1",
                strike_rate: "100.00",
            },
            BatsmanInfo {
                name: "Shubman Gill",
                status: "not out",
                runs: "15",
                balls: "21",
                fours: "1",
                sixes: "1",
                strike_rate: "71.43",
            },
        ],
        yet_to_bat: "",
        bowler_details: [
            BowlerInfo {
                name: "Jack Leach",
                overs: "4",
                maidens: "1",
                runs: "15",
                wickets: "0",
                no_balls: "0",
                wides: "0",
                economy: "3.80",
            },
            BowlerInfo {
                name: "Joe Root (c)",
                overs: "3.4",
                maidens: "0",
                runs: "25",
                wickets: "0",
                no_balls: "0",
                wides: "0",
                economy: "6.80",
            },
        ],
    },
]
